error: couldn't read the file
  --> $DIR/extended-attribute-macro-error.rs:3:10
   |
LL | #![doc = include_str!("../nonexistent_file.md")]
   |          ^^^^^^^^^^^^^^^^^^^^^^^^^^^^^^^^^^^^^^
   |
   = note: this error originates in the macro `include_str` (in Nightly builds, run with -Z macro-backtrace for more info)

error: aborting due to previous error

